Modules list:
-------------
map.o:
    CODE              Offs=000000  Size=001A3F  Align=00001  Fill=0000
    BSS               Offs=000000  Size=00000F  Align=00001  Fill=0000
    DATA              Offs=000000  Size=000166  Align=00001  Fill=0000
main.o:
    CODE              Offs=001A3F  Size=0008F5  Align=00001  Fill=0000
    BSS               Offs=00000F  Size=000021  Align=00001  Fill=0000
    DATA              Offs=000166  Size=00019A  Align=00001  Fill=0000
unitgraphics.o:
    DATA              Offs=000300  Size=004000  Align=00001  Fill=0000
tilegraphics.o:
    DATA              Offs=004300  Size=001700  Align=00001  Fill=0000
spritegraphics.o:
    DATA              Offs=005A00  Size=000200  Align=00001  Fill=0000
palette.o:
    DATA              Offs=005C00  Size=0001A0  Align=00001  Fill=0000
/home/cameron/cc65/lib/cx16.lib(_heap.o):
    DATA              Offs=005DA0  Size=00000A  Align=00001  Fill=0000
    ONCE              Offs=000000  Size=000010  Align=00001  Fill=0000
/home/cameron/cc65/lib/cx16.lib(add.o):
    CODE              Offs=002334  Size=000018  Align=00001  Fill=0000
/home/cameron/cc65/lib/cx16.lib(addeqsp.o):
    CODE              Offs=00234C  Size=000011  Align=00001  Fill=0000
/home/cameron/cc65/lib/cx16.lib(addysp.o):
    CODE              Offs=00235D  Size=00000E  Align=00001  Fill=0000
/home/cameron/cc65/lib/cx16.lib(aslax2.o):
    CODE              Offs=00236B  Size=00000B  Align=00001  Fill=0000
/home/cameron/cc65/lib/cx16.lib(aslax3.o):
    CODE              Offs=002376  Size=00000E  Align=00001  Fill=0000
/home/cameron/cc65/lib/cx16.lib(aslax4.o):
    CODE              Offs=002384  Size=000011  Align=00001  Fill=0000
/home/cameron/cc65/lib/cx16.lib(callmain.o):
    CODE              Offs=002395  Size=000017  Align=00001  Fill=0000
    DATA              Offs=005DAA  Size=000004  Align=00001  Fill=0000
/home/cameron/cc65/lib/cx16.lib(condes.o):
    CODE              Offs=0023AC  Size=00000C  Align=00001  Fill=0000
    DATA              Offs=005DAE  Size=000025  Align=00001  Fill=0000
    ONCE              Offs=000010  Size=00000C  Align=00001  Fill=0000
/home/cameron/cc65/lib/cx16.lib(crt0.o):
    STARTUP           Offs=000000  Size=000028  Align=00001  Fill=0000
    ONCE              Offs=00001C  Size=000023  Align=00001  Fill=0000
    INIT              Offs=000000  Size=000002  Align=00001  Fill=0000
/home/cameron/cc65/lib/cx16.lib(decax1.o):
    CODE              Offs=0023B8  Size=000007  Align=00001  Fill=0000
/home/cameron/cc65/lib/cx16.lib(decax3.o):
    CODE              Offs=0023BF  Size=000007  Align=00001  Fill=0000
/home/cameron/cc65/lib/cx16.lib(decax4.o):
    CODE              Offs=0023C6  Size=000007  Align=00001  Fill=0000
/home/cameron/cc65/lib/cx16.lib(decaxy.o):
    CODE              Offs=0023CD  Size=000009  Align=00001  Fill=0000
/home/cameron/cc65/lib/cx16.lib(decsp1.o):
    CODE              Offs=0023D6  Size=000009  Align=00001  Fill=0000
/home/cameron/cc65/lib/cx16.lib(decsp2.o):
    CODE              Offs=0023DF  Size=00000D  Align=00001  Fill=0000
/home/cameron/cc65/lib/cx16.lib(decsp4.o):
    CODE              Offs=0023EC  Size=00000D  Align=00001  Fill=0000
/home/cameron/cc65/lib/cx16.lib(decsp6.o):
    CODE              Offs=0023F9  Size=00000D  Align=00001  Fill=0000
/home/cameron/cc65/lib/cx16.lib(div.o):
    CODE              Offs=002406  Size=000015  Align=00001  Fill=0000
/home/cameron/cc65/lib/cx16.lib(exehdr.o):
    EXEHDR            Offs=000000  Size=00000C  Align=00001  Fill=0000
/home/cameron/cc65/lib/cx16.lib(free.o):
    CODE              Offs=00241B  Size=0001D3  Align=00001  Fill=0000
/home/cameron/cc65/lib/cx16.lib(icmp.o):
    CODE              Offs=0025EE  Size=00002E  Align=00001  Fill=0000
/home/cameron/cc65/lib/cx16.lib(incax2.o):
    CODE              Offs=00261C  Size=000007  Align=00001  Fill=0000
/home/cameron/cc65/lib/cx16.lib(incax3.o):
    CODE              Offs=002623  Size=000005  Align=00001  Fill=0000
/home/cameron/cc65/lib/cx16.lib(incax8.o):
    CODE              Offs=002628  Size=000005  Align=00001  Fill=0000
/home/cameron/cc65/lib/cx16.lib(incaxy.o):
    CODE              Offs=00262D  Size=00000B  Align=00001  Fill=0000
/home/cameron/cc65/lib/cx16.lib(incsp1.o):
    CODE              Offs=002638  Size=000007  Align=00001  Fill=0000
/home/cameron/cc65/lib/cx16.lib(incsp2.o):
    CODE              Offs=00263F  Size=000015  Align=00001  Fill=0000
/home/cameron/cc65/lib/cx16.lib(incsp3.o):
    CODE              Offs=002654  Size=000005  Align=00001  Fill=0000
/home/cameron/cc65/lib/cx16.lib(incsp4.o):
    CODE              Offs=002659  Size=000005  Align=00001  Fill=0000
/home/cameron/cc65/lib/cx16.lib(incsp5.o):
    CODE              Offs=00265E  Size=000005  Align=00001  Fill=0000
/home/cameron/cc65/lib/cx16.lib(incsp6.o):
    CODE              Offs=002663  Size=000005  Align=00001  Fill=0000
/home/cameron/cc65/lib/cx16.lib(incsp7.o):
    CODE              Offs=002668  Size=000005  Align=00001  Fill=0000
/home/cameron/cc65/lib/cx16.lib(incsp8.o):
    CODE              Offs=00266D  Size=000005  Align=00001  Fill=0000
/home/cameron/cc65/lib/cx16.lib(kernal.o):
/home/cameron/cc65/lib/cx16.lib(ldaxi.o):
    CODE              Offs=002672  Size=00000D  Align=00001  Fill=0000
/home/cameron/cc65/lib/cx16.lib(ldaxsp.o):
    CODE              Offs=00267F  Size=000009  Align=00001  Fill=0000
/home/cameron/cc65/lib/cx16.lib(loadaddr.o):
    LOADADDR          Offs=000000  Size=000002  Align=00001  Fill=0000
/home/cameron/cc65/lib/cx16.lib(makebool.o):
    CODE              Offs=002688  Size=00002C  Align=00001  Fill=0000
/home/cameron/cc65/lib/cx16.lib(malloc.o):
    CODE              Offs=0026B4  Size=00010E  Align=00001  Fill=0000
/home/cameron/cc65/lib/cx16.lib(memcpy.o):
    CODE              Offs=0027C2  Size=00003C  Align=00001  Fill=0000
/home/cameron/cc65/lib/cx16.lib(mod.o):
    CODE              Offs=0027FE  Size=000011  Align=00001  Fill=0000
/home/cameron/cc65/lib/cx16.lib(mul8.o):
    CODE              Offs=00280F  Size=00003A  Align=00001  Fill=0000
/home/cameron/cc65/lib/cx16.lib(negabs.o):
    CODE              Offs=002849  Size=000012  Align=00001  Fill=0000
/home/cameron/cc65/lib/cx16.lib(popptr1.o):
    CODE              Offs=00285B  Size=00000E  Align=00001  Fill=0000
/home/cameron/cc65/lib/cx16.lib(pusha.o):
    CODE              Offs=002869  Size=000016  Align=00001  Fill=0000
/home/cameron/cc65/lib/cx16.lib(pushax.o):
    CODE              Offs=00287F  Size=00001A  Align=00001  Fill=0000
/home/cameron/cc65/lib/cx16.lib(pushw.o):
    CODE              Offs=002899  Size=00000F  Align=00001  Fill=0000
/home/cameron/cc65/lib/cx16.lib(pushwsp.o):
    CODE              Offs=0028A8  Size=00001C  Align=00001  Fill=0000
/home/cameron/cc65/lib/cx16.lib(shelp.o):
    CODE              Offs=0028C4  Size=000020  Align=00001  Fill=0000
/home/cameron/cc65/lib/cx16.lib(staspidx.o):
    CODE              Offs=0028E4  Size=000016  Align=00001  Fill=0000
/home/cameron/cc65/lib/cx16.lib(staxsp.o):
    CODE              Offs=0028FA  Size=00000B  Align=00001  Fill=0000
/home/cameron/cc65/lib/cx16.lib(staxspi.o):
    CODE              Offs=002905  Size=00001A  Align=00001  Fill=0000
/home/cameron/cc65/lib/cx16.lib(sub.o):
    CODE              Offs=00291F  Size=000014  Align=00001  Fill=0000
/home/cameron/cc65/lib/cx16.lib(udiv.o):
    CODE              Offs=002933  Size=00004F  Align=00001  Fill=0000
/home/cameron/cc65/lib/cx16.lib(waitvsync.o):
    CODE              Offs=002982  Size=000012  Align=00001  Fill=0000
/home/cameron/cc65/lib/cx16.lib(zerobss.o):
    CODE              Offs=002994  Size=000023  Align=00001  Fill=0000
/home/cameron/cc65/lib/cx16.lib(zeropage.o):
    ZEROPAGE          Offs=000000  Size=00001A  Align=00001  Fill=0000


Segment list:
-------------
Name                   Start     End    Size  Align
----------------------------------------------------
ZEROPAGE              000022  00003B  00001A  00001
LOADADDR              0007FF  000800  000002  00001
EXEHDR                000801  00080C  00000C  00001
STARTUP               00080D  000834  000028  00001
CODE                  000835  0031EB  0029B7  00001
DATA                  0031EC  008FBE  005DD3  00001
INIT                  008FBF  008FC0  000002  00001
BSS                   008FC1  008FF0  000030  00001
ONCE                  008FC1  009001  000041  00001


Exports list by name:
---------------------
CHROUT                    00FFD2 RLA    __BSS_RUN__               008FC1 RLA    
__BSS_SIZE__              000030 REA    __CONSTRUCTOR_COUNT__     000001 REA    
__CONSTRUCTOR_TABLE__     009000 RLA    __DESTRUCTOR_COUNT__      000000 REA    
__DESTRUCTOR_TABLE__      0031EC RLA    __EXEHDR__                000001 REA    
__HEADER_LAST__           00080D RLA    __HIMEM__                 009F00 REA    
__LOADADDR__              000001 REA    __MAIN_SIZE__             0096F3 REA    
__MAIN_START__            00080D RLA    __ONCE_RUN__              008FC1 RLA    
__STACKSIZE__             000800 REA    __STARTUP__               000001 REA    
__heapend                 008F90 RLA    __heapfirst               008F92 RLA    
__heaplast                008F94 RLA    __heapptr                 008F8E RLA    
_attack                   001EEA RLA    _attackCursor             008FE2 RLA    
_bluegraphics             0054EC RLA    _c                        008FDB RLA    
_customPalette            008DEC RLA    _free                     002C50 RLA    
_getPossibleAttacks       00203C RLA    _greengraphics            0044EC RLA    
_initCursor               000E8A RLA    _initMapData              000888 RLA    
_lettergraphics           00796C RLA    _m                        008FD1 RLA    
_main                     002274 RLA    _malloc                   002EE9 RLA    
_memcpy                   002FF7 RLA    _menuOptions              008FEB RLA    
_move                     001A49 RLA    _nextTurn                 001817 RLA    
_pA                       0033D1 RLA    _redgraphics              0034EC RLA    
_renderMap                000BB6 RLA    _spritegraphics           008BEC RLA    
_tilegraphics             0074EC RLA    _undoMove                 001BE1 RLA    
_unitIndexes              0033D3 RLA    _unitLastX                00320C RLA    
_unitLastY                00320D RLA    _waitvsync                0031B7 RLA    
_yellowgraphics           0064EC RLA    addeq0sp                  002B81 RLA    
addeqysp                  002B83 RLA    addysp                    002B93 RLA    
addysp1                   002B92 RLA    aslax2                    002BA0 RLA    
aslax3                    002BAB RLA    aslax4                    002BB9 RLA    
boolne                    002EBD RLA    callmain                  002BCA RLA    
decax1                    002BED RLA    decax3                    002BF4 RLA    
decax4                    002BFB RLA    decaxy                    002C02 RLA    
decsp1                    002C0B RLA    decsp2                    002C14 RLA    
decsp4                    002C21 RLA    decsp6                    002C2E RLA    
donelib                   002BE1 RLA    incax2                    002E51 RLA    
incax3                    002E58 RLA    incax8                    002E5D RLA    
incaxy                    002E64 RLA    incsp1                    002E6D RLA    
incsp2                    002E7B RLA    incsp3                    002E89 RLA    
incsp4                    002E8E RLA    incsp5                    002E93 RLA    
incsp6                    002E98 RLA    incsp7                    002E9D RLA    
incsp8                    002EA2 RLA    initheap                  008FC1  LAI   
initlib                   008FD1 RLA    ldax0sp                   002EB4 RLA    
ldaxi                     002EA7 RLA    ldaxidx                   002EA9 RLA    
ldaxysp                   002EB6 RLA    negax                     003082 RLA    
popax                     002E74 RLA    popptr1                   003090 RLA    
popsargsudiv16            0030F9 RLA    ptr1                      00002A RLZ    
ptr2                      00002C RLZ    ptr3                      00002E RLZ    
ptr4                      000030 RLZ    push0                     0030B4 RLA    
pusha                     0030A2 RLA    pusha0                    0030B6 RLA    
pushax                    0030B8 RLA    pushwidx                  0030D0 RLA    
pushwysp                  0030DF RLA    shlax3                    002BAB RLA    
sp                        000022 RLZ    sreg                      000024 RLZ    
staspidx                  003119 RLA    stax0sp                   00312F RLA    
staxspidx                 00313A RLA    staxysp                   003131 RLA    
tmp1                      000032 RLZ    tmp2                      000033 RLZ    
tosadda0                  002B69 RLA    tosaddax                  002B6B RLA    
tosdiva0                  002C3B RLA    tosicmp                   002E25 RLA    
tosicmp0                  002E23 RLA    tosmoda0                  003033 RLA    
tosmula0                  003044 RLA    tossuba0                  003154 RLA    
tossubax                  003156 RLA    udiv16                    003179 RLA    
zerobss                   0031C9 RLA    


Exports list by value:
----------------------
__DESTRUCTOR_COUNT__      000000 REA    __CONSTRUCTOR_COUNT__     000001 REA    
__EXEHDR__                000001 REA    __LOADADDR__              000001 REA    
__STARTUP__               000001 REA    sp                        000022 RLZ    
sreg                      000024 RLZ    ptr1                      00002A RLZ    
ptr2                      00002C RLZ    ptr3                      00002E RLZ    
__BSS_SIZE__              000030 REA    ptr4                      000030 RLZ    
tmp1                      000032 RLZ    tmp2                      000033 RLZ    
__STACKSIZE__             000800 REA    __HEADER_LAST__           00080D RLA    
__MAIN_START__            00080D RLA    _initMapData              000888 RLA    
_renderMap                000BB6 RLA    _initCursor               000E8A RLA    
_nextTurn                 001817 RLA    _move                     001A49 RLA    
_undoMove                 001BE1 RLA    _attack                   001EEA RLA    
_getPossibleAttacks       00203C RLA    _main                     002274 RLA    
tosadda0                  002B69 RLA    tosaddax                  002B6B RLA    
addeq0sp                  002B81 RLA    addeqysp                  002B83 RLA    
addysp1                   002B92 RLA    addysp                    002B93 RLA    
aslax2                    002BA0 RLA    aslax3                    002BAB RLA    
shlax3                    002BAB RLA    aslax4                    002BB9 RLA    
callmain                  002BCA RLA    donelib                   002BE1 RLA    
decax1                    002BED RLA    decax3                    002BF4 RLA    
decax4                    002BFB RLA    decaxy                    002C02 RLA    
decsp1                    002C0B RLA    decsp2                    002C14 RLA    
decsp4                    002C21 RLA    decsp6                    002C2E RLA    
tosdiva0                  002C3B RLA    _free                     002C50 RLA    
tosicmp0                  002E23 RLA    tosicmp                   002E25 RLA    
incax2                    002E51 RLA    incax3                    002E58 RLA    
incax8                    002E5D RLA    incaxy                    002E64 RLA    
incsp1                    002E6D RLA    popax                     002E74 RLA    
incsp2                    002E7B RLA    incsp3                    002E89 RLA    
incsp4                    002E8E RLA    incsp5                    002E93 RLA    
incsp6                    002E98 RLA    incsp7                    002E9D RLA    
incsp8                    002EA2 RLA    ldaxi                     002EA7 RLA    
ldaxidx                   002EA9 RLA    ldax0sp                   002EB4 RLA    
ldaxysp                   002EB6 RLA    boolne                    002EBD RLA    
_malloc                   002EE9 RLA    _memcpy                   002FF7 RLA    
tosmoda0                  003033 RLA    tosmula0                  003044 RLA    
negax                     003082 RLA    popptr1                   003090 RLA    
pusha                     0030A2 RLA    push0                     0030B4 RLA    
pusha0                    0030B6 RLA    pushax                    0030B8 RLA    
pushwidx                  0030D0 RLA    pushwysp                  0030DF RLA    
popsargsudiv16            0030F9 RLA    staspidx                  003119 RLA    
stax0sp                   00312F RLA    staxysp                   003131 RLA    
staxspidx                 00313A RLA    tossuba0                  003154 RLA    
tossubax                  003156 RLA    udiv16                    003179 RLA    
_waitvsync                0031B7 RLA    zerobss                   0031C9 RLA    
__DESTRUCTOR_TABLE__      0031EC RLA    _unitLastX                00320C RLA    
_unitLastY                00320D RLA    _pA                       0033D1 RLA    
_unitIndexes              0033D3 RLA    _redgraphics              0034EC RLA    
_greengraphics            0044EC RLA    _bluegraphics             0054EC RLA    
_yellowgraphics           0064EC RLA    _tilegraphics             0074EC RLA    
_lettergraphics           00796C RLA    _spritegraphics           008BEC RLA    
_customPalette            008DEC RLA    __heapptr                 008F8E RLA    
__heapend                 008F90 RLA    __heapfirst               008F92 RLA    
__heaplast                008F94 RLA    __BSS_RUN__               008FC1 RLA    
__ONCE_RUN__              008FC1 RLA    initheap                  008FC1  LAI   
_m                        008FD1 RLA    initlib                   008FD1 RLA    
_c                        008FDB RLA    _attackCursor             008FE2 RLA    
_menuOptions              008FEB RLA    __CONSTRUCTOR_TABLE__     009000 RLA    
__MAIN_SIZE__             0096F3 REA    __HIMEM__                 009F00 REA    
CHROUT                    00FFD2 RLA    


Imports list:
-------------
CHROUT (kernal.o):
    crt0.o                    cx16/crt0.s(10)
__BSS_RUN__ ([linker generated]):
    _heap.o                   common/_heap.s(8)
    zerobss.o                 common/zerobss.s(8)
__BSS_SIZE__ ([linker generated]):
    _heap.o                   common/_heap.s(8)
    zerobss.o                 common/zerobss.s(8)
__CONSTRUCTOR_COUNT__ ([linker generated]):
    condes.o                  runtime/condes.s(18)
__CONSTRUCTOR_TABLE__ ([linker generated]):
    condes.o                  runtime/condes.s(18)
__DESTRUCTOR_COUNT__ ([linker generated]):
    condes.o                  runtime/condes.s(19)
__DESTRUCTOR_TABLE__ ([linker generated]):
    condes.o                  runtime/condes.s(19)
__EXEHDR__ (exehdr.o):
    [linker generated]        /home/cameron/cc65/cfg/cx16.cfg(6)
__HEADER_LAST__ ([linker generated]):
    [linker generated]        /home/cameron/cc65/cfg/cx16.cfg(14)
    [linker generated]        /home/cameron/cc65/cfg/cx16.cfg(14)
__HIMEM__ ([linker generated]):
    [linker generated]        /home/cameron/cc65/cfg/cx16.cfg(15)
    [linker generated]        /home/cameron/cc65/cfg/cx16.cfg(14)
__LOADADDR__ (loadaddr.o):
    [linker generated]        /home/cameron/cc65/cfg/cx16.cfg(5)
__MAIN_SIZE__ ([linker generated]):
    crt0.o                    cx16/crt0.s(11)
__MAIN_START__ ([linker generated]):
    crt0.o                    cx16/crt0.s(11)
__ONCE_RUN__ ([linker generated]):
    [linker generated]        /home/cameron/cc65/cfg/cx16.cfg(15)
    [linker generated]        /home/cameron/cc65/cfg/cx16.cfg(15)
__STACKSIZE__ ([linker generated]):
    _heap.o                   common/_heap.s(8)
    [linker generated]        /home/cameron/cc65/cfg/cx16.cfg(15)
__STARTUP__ (crt0.o):
    main.o                    main.s(13)
__heapend (_heap.o):
    malloc.o                  /home/cameron/cc65/asminc/_heap.inc(33)
__heapfirst (_heap.o):
    malloc.o                  /home/cameron/cc65/asminc/_heap.inc(34)
    free.o                    /home/cameron/cc65/asminc/_heap.inc(34)
__heaplast (_heap.o):
    malloc.o                  /home/cameron/cc65/asminc/_heap.inc(35)
    free.o                    /home/cameron/cc65/asminc/_heap.inc(35)
__heapptr (_heap.o):
    malloc.o                  /home/cameron/cc65/asminc/_heap.inc(32)
    free.o                    /home/cameron/cc65/asminc/_heap.inc(32)
_attack (map.o):
    main.o                    main.s(29)
_attackCursor (main.o):
    map.o                     map.s(28)
_bluegraphics (unitgraphics.o):
    main.o                    main.s(36)
_c (main.o):
    map.o                     map.s(27)
_customPalette (palette.o):
    main.o                    main.s(41)
_free (free.o):
    main.o                    main.s(15)
    map.o                     map.s(14)
_getPossibleAttacks (map.o):
    main.o                    main.s(28)
_greengraphics (unitgraphics.o):
    main.o                    main.s(35)
_initCursor (map.o):
    main.o                    main.s(24)
_initMapData (map.o):
    main.o                    main.s(23)
_lettergraphics (tilegraphics.o):
    main.o                    main.s(39)
_m (main.o):
    map.o                     map.s(26)
_main (main.o):
    callmain.o                runtime/callmain.s(11)
_malloc (malloc.o):
    main.o                    main.s(14)
    map.o                     map.s(13)
_memcpy (memcpy.o):
    map.o                     map.s(3725)
_menuOptions (main.o):
    map.o                     map.s(33)
_move (map.o):
    main.o                    main.s(26)
_nextTurn (map.o):
    main.o                    main.s(32)
_pA (main.o):
    map.o                     map.s(29)
_redgraphics (unitgraphics.o):
    main.o                    main.s(34)
_renderMap (map.o):
    main.o                    main.s(25)
_spritegraphics (spritegraphics.o):
    main.o                    main.s(40)
_tilegraphics (tilegraphics.o):
    main.o                    main.s(38)
_undoMove (map.o):
    main.o                    main.s(27)
_unitIndexes (main.o):
    map.o                     map.s(44)
_unitLastX (map.o):
    main.o                    main.s(58)
_unitLastY (map.o):
    main.o                    main.s(59)
_waitvsync (waitvsync.o):
    main.o                    main.s(16)
_yellowgraphics (unitgraphics.o):
    main.o                    main.s(37)
addeq0sp (addeqsp.o):
    main.o                    main.s(1562)
    map.o                     map.s(3725)
addeqysp (addeqsp.o):
    map.o                     map.s(3725)
    map.o                     map.s(3725)
addysp (addysp.o):
    incsp8.o                  runtime/incsp8.s(8)
    incsp7.o                  runtime/incsp7.s(8)
    incsp6.o                  runtime/incsp6.s(8)
    incsp5.o                  runtime/incsp5.s(8)
    incsp4.o                  runtime/incsp4.s(8)
    incsp3.o                  runtime/incsp3.s(8)
    map.o                     map.s(3725)
    map.o                     map.s(3725)
addysp1 (addysp.o):
    sub.o                     runtime/sub.s(8)
aslax2 (aslax2.o):
    map.o                     map.s(3725)
aslax3 (aslax3.o):
    main.o                    main.s(1562)
    main.o                    main.s(1562)
    map.o                     map.s(3725)
    map.o                     map.s(3725)
    map.o                     map.s(3725)
    map.o                     map.s(3725)
    map.o                     map.s(3725)
    map.o                     map.s(3725)
    map.o                     map.s(3725)
    map.o                     map.s(3725)
    map.o                     map.s(3725)
    map.o                     map.s(3725)
aslax4 (aslax4.o):
    map.o                     map.s(3725)
    map.o                     map.s(3725)
    map.o                     map.s(3725)
boolne (makebool.o):
    map.o                     map.s(3725)
callmain (callmain.o):
    crt0.o                    cx16/crt0.s(9)
decax1 (decax1.o):
    main.o                    main.s(1562)
    map.o                     map.s(3725)
decax3 (decax3.o):
    map.o                     map.s(3725)
decax4 (decax4.o):
    map.o                     map.s(3725)
decaxy (decaxy.o):
    main.o                    main.s(1562)
decsp1 (decsp1.o):
    main.o                    main.s(1562)
decsp2 (decsp2.o):
    main.o                    main.s(1562)
decsp4 (decsp4.o):
    main.o                    main.s(1562)
    map.o                     map.s(3725)
decsp6 (decsp6.o):
    map.o                     map.s(3725)
    map.o                     map.s(3725)
donelib (condes.o):
    crt0.o                    cx16/crt0.s(8)
incax2 (incax2.o):
    map.o                     map.s(3725)
incax3 (incax3.o):
    map.o                     map.s(3725)
incax8 (incax8.o):
    map.o                     map.s(3725)
incaxy (incaxy.o):
    incax8.o                  runtime/incax8.s(8)
    incax3.o                  runtime/incax3.s(8)
    main.o                    main.s(1562)
    map.o                     map.s(3725)
    map.o                     map.s(3725)
    map.o                     map.s(3725)
    map.o                     map.s(3725)
    map.o                     map.s(3725)
incsp1 (incsp1.o):
    main.o                    main.s(1562)
    main.o                    main.s(1562)
incsp2 (incsp2.o):
    staxspi.o                 runtime/staxspi.s(9)
    staspidx.o                runtime/staspidx.s(8)
    popptr1.o                 runtime/popptr1.s(8)
    main.o                    main.s(1562)
    map.o                     map.s(3725)
    map.o                     map.s(3725)
    map.o                     map.s(3725)
incsp3 (incsp3.o):
    map.o                     map.s(3725)
    map.o                     map.s(3725)
    map.o                     map.s(3725)
incsp4 (incsp4.o):
    main.o                    main.s(1562)
    map.o                     map.s(3725)
    map.o                     map.s(3725)
    map.o                     map.s(3725)
    map.o                     map.s(3725)
incsp5 (incsp5.o):
    map.o                     map.s(3725)
incsp6 (incsp6.o):
    map.o                     map.s(3725)
    map.o                     map.s(3725)
incsp7 (incsp7.o):
    main.o                    main.s(1562)
incsp8 (incsp8.o):
    map.o                     map.s(3725)
initlib (condes.o):
    crt0.o                    cx16/crt0.s(8)
ldax0sp (ldaxsp.o):
    main.o                    main.s(1562)
    map.o                     map.s(3725)
    map.o                     map.s(3725)
    map.o                     map.s(3725)
    map.o                     map.s(3725)
    map.o                     map.s(3725)
    map.o                     map.s(3725)
    map.o                     map.s(3725)
    map.o                     map.s(3725)
    map.o                     map.s(3725)
ldaxi (ldaxi.o):
    main.o                    main.s(1562)
ldaxidx (ldaxi.o):
    main.o                    main.s(1562)
    main.o                    main.s(1562)
    map.o                     map.s(3725)
    map.o                     map.s(3725)
    map.o                     map.s(3725)
    map.o                     map.s(3725)
    map.o                     map.s(3725)
ldaxysp (ldaxsp.o):
    main.o                    main.s(1562)
    main.o                    main.s(1562)
    map.o                     map.s(3725)
    map.o                     map.s(3725)
    map.o                     map.s(3725)
    map.o                     map.s(3725)
    map.o                     map.s(3725)
    map.o                     map.s(3725)
    map.o                     map.s(3725)
    map.o                     map.s(3725)
    map.o                     map.s(3725)
    map.o                     map.s(3725)
    map.o                     map.s(3725)
    map.o                     map.s(3725)
    map.o                     map.s(3725)
    map.o                     map.s(3725)
    map.o                     map.s(3725)
negax (negabs.o):
    shelp.o                   runtime/shelp.s(11)
    mod.o                     runtime/mod.s(11)
    div.o                     runtime/div.s(11)
popax (incsp2.o):
    shelp.o                   runtime/shelp.s(11)
    memcpy.o                  common/memcpy.s(14)
popptr1 (popptr1.o):
    udiv.o                    runtime/udiv.s(9)
    mul8.o                    runtime/mul8.s(9)
    memcpy.o                  common/memcpy.s(14)
popsargsudiv16 (shelp.o):
    mod.o                     runtime/mod.s(11)
    div.o                     runtime/div.s(11)
ptr1 (zeropage.o):
    zerobss.o                 common/zerobss.s(9)
    udiv.o                    runtime/udiv.s(10)
    staxspi.o                 runtime/staxspi.s(10)
    staspidx.o                runtime/staspidx.s(9)
    shelp.o                   runtime/shelp.s(12)
    pushw.o                   runtime/pushw.s(9)
    popptr1.o                 runtime/popptr1.s(9)
    mul8.o                    runtime/mul8.s(10)
    memcpy.o                  common/memcpy.s(15)
    malloc.o                  common/malloc.s(108)
    ldaxi.o                   runtime/ldaxi.s(8)
    free.o                    common/free.s(62)
    div.o                     runtime/div.s(12)
    main.o                    main.s(11)
    map.o                     map.s(11)
ptr2 (zeropage.o):
    memcpy.o                  common/memcpy.s(15)
    malloc.o                  common/malloc.s(108)
    free.o                    common/free.s(62)
ptr3 (zeropage.o):
    memcpy.o                  common/memcpy.s(15)
    malloc.o                  common/malloc.s(108)
    free.o                    common/free.s(62)
ptr4 (zeropage.o):
    udiv.o                    runtime/udiv.s(10)
    shelp.o                   runtime/shelp.s(12)
    mul8.o                    runtime/mul8.s(10)
    free.o                    common/free.s(62)
push0 (pushax.o):
    map.o                     map.s(3725)
    map.o                     map.s(3725)
pusha (pusha.o):
    main.o                    main.s(1562)
    main.o                    main.s(1562)
    main.o                    main.s(1562)
    main.o                    main.s(1562)
    map.o                     map.s(3725)
    map.o                     map.s(3725)
    map.o                     map.s(3725)
    map.o                     map.s(3725)
    map.o                     map.s(3725)
    map.o                     map.s(3725)
    map.o                     map.s(3725)
    map.o                     map.s(3725)
    map.o                     map.s(3725)
    map.o                     map.s(3725)
pusha0 (pushax.o):
    main.o                    main.s(1562)
    main.o                    main.s(1562)
    map.o                     map.s(3725)
    map.o                     map.s(3725)
    map.o                     map.s(3725)
    map.o                     map.s(3725)
    map.o                     map.s(3725)
    map.o                     map.s(3725)
    map.o                     map.s(3725)
    map.o                     map.s(3725)
    map.o                     map.s(3725)
    map.o                     map.s(3725)
pushax (pushax.o):
    callmain.o                runtime/callmain.s(11)
    pushw.o                   runtime/pushw.s(8)
    main.o                    main.s(1562)
    main.o                    main.s(1562)
    map.o                     map.s(3725)
    map.o                     map.s(3725)
    map.o                     map.s(3725)
    map.o                     map.s(3725)
    map.o                     map.s(3725)
    map.o                     map.s(3725)
    map.o                     map.s(3725)
    map.o                     map.s(3725)
    map.o                     map.s(3725)
    map.o                     map.s(3725)
    map.o                     map.s(3725)
    map.o                     map.s(3725)
    map.o                     map.s(3725)
pushwidx (pushw.o):
    map.o                     map.s(3725)
    map.o                     map.s(3725)
    map.o                     map.s(3725)
pushwysp (pushwsp.o):
    map.o                     map.s(3725)
    map.o                     map.s(3725)
    map.o                     map.s(3725)
shlax3 (aslax3.o):
    map.o                     map.s(3725)
    map.o                     map.s(3725)
sp (zeropage.o):
    _heap.o                   common/_heap.s(9)
    sub.o                     runtime/sub.s(9)
    staxspi.o                 runtime/staxspi.s(10)
    staxsp.o                  runtime/staxsp.s(8)
    staspidx.o                runtime/staspidx.s(9)
    pushwsp.o                 runtime/pushwsp.s(8)
    pushax.o                  runtime/pushax.s(8)
    pusha.o                   runtime/pusha.s(8)
    popptr1.o                 runtime/popptr1.s(9)
    memcpy.o                  common/memcpy.s(15)
    ldaxsp.o                  runtime/ldaxsp.s(8)
    incsp2.o                  runtime/incsp2.s(8)
    incsp1.o                  runtime/incsp1.s(8)
    icmp.o                    runtime/icmp.s(9)
    decsp6.o                  runtime/decsp6.s(8)
    decsp4.o                  runtime/decsp4.s(8)
    decsp2.o                  runtime/decsp2.s(8)
    decsp1.o                  runtime/decsp1.s(8)
    crt0.o                    /home/cameron/cc65/asminc/zeropage.inc(11)
    addysp.o                  runtime/addysp.s(8)
    addeqsp.o                 runtime/addeqsp.s(8)
    add.o                     runtime/add.s(12)
    main.o                    main.s(10)
    map.o                     map.s(10)
sreg (zeropage.o):
    udiv.o                    runtime/udiv.s(10)
    mod.o                     runtime/mod.s(12)
    icmp.o                    runtime/icmp.s(9)
    map.o                     map.s(10)
staspidx (staspidx.o):
    map.o                     map.s(3725)
stax0sp (staxsp.o):
    main.o                    main.s(1562)
    map.o                     map.s(3725)
    map.o                     map.s(3725)
    map.o                     map.s(3725)
staxspidx (staxspi.o):
    map.o                     map.s(3725)
    map.o                     map.s(3725)
staxysp (staxsp.o):
    main.o                    main.s(1562)
    map.o                     map.s(3725)
    map.o                     map.s(3725)
    map.o                     map.s(3725)
    map.o                     map.s(3725)
tmp1 (zeropage.o):
    staxspi.o                 runtime/staxspi.s(10)
    staspidx.o                runtime/staspidx.s(9)
    shelp.o                   runtime/shelp.s(12)
    mod.o                     runtime/mod.s(12)
    incaxy.o                  runtime/incaxy.s(8)
    div.o                     runtime/div.s(12)
    decaxy.o                  runtime/decaxy.s(8)
    aslax4.o                  runtime/aslax4.s(8)
    aslax3.o                  runtime/aslax3.s(8)
    aslax2.o                  runtime/aslax2.s(8)
tmp2 (zeropage.o):
    shelp.o                   runtime/shelp.s(12)
    div.o                     runtime/div.s(12)
tosadda0 (add.o):
    map.o                     map.s(3725)
tosaddax (add.o):
    main.o                    main.s(1562)
    main.o                    main.s(1562)
    map.o                     map.s(3725)
    map.o                     map.s(3725)
    map.o                     map.s(3725)
    map.o                     map.s(3725)
    map.o                     map.s(3725)
    map.o                     map.s(3725)
    map.o                     map.s(3725)
    map.o                     map.s(3725)
    map.o                     map.s(3725)
    map.o                     map.s(3725)
tosdiva0 (div.o):
    main.o                    main.s(1562)
    map.o                     map.s(3725)
    map.o                     map.s(3725)
tosicmp (icmp.o):
    main.o                    main.s(1562)
    map.o                     map.s(3725)
tosicmp0 (icmp.o):
    map.o                     map.s(3725)
tosmoda0 (mod.o):
    main.o                    main.s(1562)
    map.o                     map.s(3725)
tosmula0 (mul8.o):
    main.o                    main.s(1562)
    main.o                    main.s(1562)
    map.o                     map.s(3725)
    map.o                     map.s(3725)
    map.o                     map.s(3725)
    map.o                     map.s(3725)
    map.o                     map.s(3725)
    map.o                     map.s(3725)
    map.o                     map.s(3725)
    map.o                     map.s(3725)
    map.o                     map.s(3725)
    map.o                     map.s(3725)
    map.o                     map.s(3725)
tossuba0 (sub.o):
    map.o                     map.s(3725)
    map.o                     map.s(3725)
tossubax (sub.o):
    map.o                     map.s(3725)
udiv16 (udiv.o):
    shelp.o                   runtime/shelp.s(11)
zerobss (zerobss.o):
    crt0.o                    cx16/crt0.s(9)

