Modules list:
-------------
map.o:
    CODE              Offs=000000  Size=000B42  Align=00001  Fill=0000
main.o:
    CODE              Offs=000B42  Size=000308  Align=00001  Fill=0000
    BSS               Offs=000000  Size=000003  Align=00001  Fill=0000
    DATA              Offs=000000  Size=000020  Align=00001  Fill=0000
unitgraphics.o:
    DATA              Offs=000020  Size=004000  Align=00001  Fill=0000
tilegraphics.o:
    DATA              Offs=004020  Size=000400  Align=00001  Fill=0000
palette.o:
    DATA              Offs=004420  Size=000100  Align=00001  Fill=0000
C:\Program Files (x86)\cc65\lib/cx16.lib(_heap.o):
    DATA              Offs=004520  Size=00000A  Align=00001  Fill=0000
    ONCE              Offs=000000  Size=000010  Align=00001  Fill=0000
C:\Program Files (x86)\cc65\lib/cx16.lib(add.o):
    CODE              Offs=000E4A  Size=000018  Align=00001  Fill=0000
C:\Program Files (x86)\cc65\lib/cx16.lib(addeqsp.o):
    CODE              Offs=000E62  Size=000011  Align=00001  Fill=0000
C:\Program Files (x86)\cc65\lib/cx16.lib(addysp.o):
    CODE              Offs=000E73  Size=00000E  Align=00001  Fill=0000
C:\Program Files (x86)\cc65\lib/cx16.lib(aslax2.o):
    CODE              Offs=000E81  Size=00000B  Align=00001  Fill=0000
C:\Program Files (x86)\cc65\lib/cx16.lib(aslax3.o):
    CODE              Offs=000E8C  Size=00000E  Align=00001  Fill=0000
C:\Program Files (x86)\cc65\lib/cx16.lib(aslax4.o):
    CODE              Offs=000E9A  Size=000011  Align=00001  Fill=0000
C:\Program Files (x86)\cc65\lib/cx16.lib(callmain.o):
    CODE              Offs=000EAB  Size=000017  Align=00001  Fill=0000
    DATA              Offs=00452A  Size=000004  Align=00001  Fill=0000
C:\Program Files (x86)\cc65\lib/cx16.lib(condes.o):
    CODE              Offs=000EC2  Size=00000C  Align=00001  Fill=0000
    DATA              Offs=00452E  Size=000025  Align=00001  Fill=0000
    ONCE              Offs=000010  Size=00000C  Align=00001  Fill=0000
C:\Program Files (x86)\cc65\lib/cx16.lib(crt0.o):
    STARTUP           Offs=000000  Size=000028  Align=00001  Fill=0000
    ONCE              Offs=00001C  Size=000023  Align=00001  Fill=0000
    INIT              Offs=000000  Size=000002  Align=00001  Fill=0000
C:\Program Files (x86)\cc65\lib/cx16.lib(decax8.o):
    CODE              Offs=000ECE  Size=000007  Align=00001  Fill=0000
C:\Program Files (x86)\cc65\lib/cx16.lib(decsp1.o):
    CODE              Offs=000ED5  Size=000009  Align=00001  Fill=0000
C:\Program Files (x86)\cc65\lib/cx16.lib(decsp2.o):
    CODE              Offs=000EDE  Size=00000D  Align=00001  Fill=0000
C:\Program Files (x86)\cc65\lib/cx16.lib(decsp5.o):
    CODE              Offs=000EEB  Size=00000D  Align=00001  Fill=0000
C:\Program Files (x86)\cc65\lib/cx16.lib(decsp6.o):
    CODE              Offs=000EF8  Size=00000D  Align=00001  Fill=0000
C:\Program Files (x86)\cc65\lib/cx16.lib(div.o):
    CODE              Offs=000F05  Size=000015  Align=00001  Fill=0000
C:\Program Files (x86)\cc65\lib/cx16.lib(exehdr.o):
    EXEHDR            Offs=000000  Size=00000C  Align=00001  Fill=0000
C:\Program Files (x86)\cc65\lib/cx16.lib(free.o):
    CODE              Offs=000F1A  Size=0001D3  Align=00001  Fill=0000
C:\Program Files (x86)\cc65\lib/cx16.lib(incax2.o):
    CODE              Offs=0010ED  Size=000007  Align=00001  Fill=0000
C:\Program Files (x86)\cc65\lib/cx16.lib(incaxy.o):
    CODE              Offs=0010F4  Size=00000B  Align=00001  Fill=0000
C:\Program Files (x86)\cc65\lib/cx16.lib(incsp1.o):
    CODE              Offs=0010FF  Size=000007  Align=00001  Fill=0000
C:\Program Files (x86)\cc65\lib/cx16.lib(incsp2.o):
    CODE              Offs=001106  Size=000015  Align=00001  Fill=0000
C:\Program Files (x86)\cc65\lib/cx16.lib(incsp3.o):
    CODE              Offs=00111B  Size=000005  Align=00001  Fill=0000
C:\Program Files (x86)\cc65\lib/cx16.lib(incsp6.o):
    CODE              Offs=001120  Size=000005  Align=00001  Fill=0000
C:\Program Files (x86)\cc65\lib/cx16.lib(incsp7.o):
    CODE              Offs=001125  Size=000005  Align=00001  Fill=0000
C:\Program Files (x86)\cc65\lib/cx16.lib(kernal.o):
C:\Program Files (x86)\cc65\lib/cx16.lib(ldaxi.o):
    CODE              Offs=00112A  Size=00000D  Align=00001  Fill=0000
C:\Program Files (x86)\cc65\lib/cx16.lib(ldaxsp.o):
    CODE              Offs=001137  Size=000009  Align=00001  Fill=0000
C:\Program Files (x86)\cc65\lib/cx16.lib(loadaddr.o):
    LOADADDR          Offs=000000  Size=000002  Align=00001  Fill=0000
C:\Program Files (x86)\cc65\lib/cx16.lib(makebool.o):
    CODE              Offs=001140  Size=00002C  Align=00001  Fill=0000
C:\Program Files (x86)\cc65\lib/cx16.lib(malloc.o):
    CODE              Offs=00116C  Size=00010E  Align=00001  Fill=0000
C:\Program Files (x86)\cc65\lib/cx16.lib(mod.o):
    CODE              Offs=00127A  Size=000011  Align=00001  Fill=0000
C:\Program Files (x86)\cc65\lib/cx16.lib(mul8.o):
    CODE              Offs=00128B  Size=00003A  Align=00001  Fill=0000
C:\Program Files (x86)\cc65\lib/cx16.lib(mulax7.o):
    CODE              Offs=0012C5  Size=000019  Align=00001  Fill=0000
C:\Program Files (x86)\cc65\lib/cx16.lib(negabs.o):
    CODE              Offs=0012DE  Size=000012  Align=00001  Fill=0000
C:\Program Files (x86)\cc65\lib/cx16.lib(popptr1.o):
    CODE              Offs=0012F0  Size=00000E  Align=00001  Fill=0000
C:\Program Files (x86)\cc65\lib/cx16.lib(pusha.o):
    CODE              Offs=0012FE  Size=000016  Align=00001  Fill=0000
C:\Program Files (x86)\cc65\lib/cx16.lib(pushax.o):
    CODE              Offs=001314  Size=00001A  Align=00001  Fill=0000
C:\Program Files (x86)\cc65\lib/cx16.lib(pushw.o):
    CODE              Offs=00132E  Size=00000F  Align=00001  Fill=0000
C:\Program Files (x86)\cc65\lib/cx16.lib(pushwsp.o):
    CODE              Offs=00133D  Size=00001C  Align=00001  Fill=0000
C:\Program Files (x86)\cc65\lib/cx16.lib(shelp.o):
    CODE              Offs=001359  Size=000020  Align=00001  Fill=0000
C:\Program Files (x86)\cc65\lib/cx16.lib(staxsp.o):
    CODE              Offs=001379  Size=00000B  Align=00001  Fill=0000
C:\Program Files (x86)\cc65\lib/cx16.lib(staxspi.o):
    CODE              Offs=001384  Size=00001A  Align=00001  Fill=0000
C:\Program Files (x86)\cc65\lib/cx16.lib(udiv.o):
    CODE              Offs=00139E  Size=00004F  Align=00001  Fill=0000
C:\Program Files (x86)\cc65\lib/cx16.lib(waitvsync.o):
    CODE              Offs=0013ED  Size=000012  Align=00001  Fill=0000
C:\Program Files (x86)\cc65\lib/cx16.lib(zerobss.o):
    CODE              Offs=0013FF  Size=000023  Align=00001  Fill=0000
C:\Program Files (x86)\cc65\lib/cx16.lib(zeropage.o):
    ZEROPAGE          Offs=000000  Size=00001A  Align=00001  Fill=0000


Segment list:
-------------
Name                   Start     End    Size  Align
----------------------------------------------------
ZEROPAGE              000022  00003B  00001A  00001
LOADADDR              0007FF  000800  000002  00001
EXEHDR                000801  00080C  00000C  00001
STARTUP               00080D  000834  000028  00001
CODE                  000835  001C56  001422  00001
DATA                  001C57  0061A9  004553  00001
INIT                  0061AA  0061AB  000002  00001
BSS                   0061AC  0061AE  000003  00001
ONCE                  0061AC  0061EC  000041  00001


Exports list by name:
---------------------
CHROUT                    00FFD2 RLA    __BSS_RUN__               0061AC RLA    
__BSS_SIZE__              000003 REA    __CONSTRUCTOR_COUNT__     000001 REA    
__CONSTRUCTOR_TABLE__     0061EB RLA    __DESTRUCTOR_COUNT__      000000 REA    
__DESTRUCTOR_TABLE__      001C57 RLA    __EXEHDR__                000001 REA    
__HEADER_LAST__           00080D RLA    __HIMEM__                 009F00 REA    
__LOADADDR__              000001 REA    __MAIN_SIZE__             0096F3 REA    
__MAIN_START__            00080D RLA    __ONCE_RUN__              0061AC RLA    
__STACKSIZE__             000800 REA    __STARTUP__               000001 REA    
__heapend                 00617B RLA    __heapfirst               00617D RLA    
__heaplast                00617F RLA    __heapptr                 006179 RLA    
_bluegraphics             003C77 RLA    _customPalette            006077 RLA    
_free                     00174F RLA    _greengraphics            002C77 RLA    
_initMapData              000915 RLA    _m                        0061AD RLA    
_main                     001377 RLA    _malloc                   0019A1 RLA    
_redgraphics              001C77 RLA    _renderMap                000CF3 RLA    
_tilegraphics             005C77 RLA    _waitvsync                001C22 RLA    
_yellowgraphics           004C77 RLA    addeq0sp                  001697 RLA    
addeqysp                  001699 RLA    addysp                    0016A9 RLA    
aslax2                    0016B6 RLA    aslax4                    0016CF RLA    
boolne                    001975 RLA    callmain                  0016E0 RLA    
decax8                    001703 RLA    decsp1                    00170A RLA    
decsp2                    001713 RLA    decsp5                    001720 RLA    
decsp6                    00172D RLA    donelib                   0016F7 RLA    
incax2                    001922 RLA    incaxy                    00192B RLA    
incsp1                    001934 RLA    incsp2                    001942 RLA    
incsp3                    001950 RLA    incsp6                    001955 RLA    
incsp7                    00195A RLA    initheap                  0061AC  LAI   
initlib                   0061BC RLA    ldax0sp                   00196C RLA    
ldaxidx                   001961 RLA    ldaxysp                   00196E RLA    
mulax7                    001AFA RLA    negax                     001B17 RLA    
popax                     00193B RLA    popptr1                   001B25 RLA    
popsargsudiv16            001B8E RLA    ptr1                      00002A RLZ    
ptr2                      00002C RLZ    ptr3                      00002E RLZ    
ptr4                      000030 RLZ    pusha                     001B37 RLA    
pusha0                    001B4B RLA    pushax                    001B4D RLA    
pushw0sp                  001B72 RLA    pushwidx                  001B65 RLA    
pushwysp                  001B74 RLA    shlax3                    0016C1 RLA    
shlax4                    0016CF RLA    sp                        000022 RLZ    
sreg                      000024 RLZ    stax0sp                   001BAE RLA    
staxspidx                 001BB9 RLA    staxysp                   001BB0 RLA    
tmp1                      000032 RLZ    tmp2                      000033 RLZ    
tosaddax                  001681 RLA    tosdivax                  00173C RLA    
tosmodax                  001AB1 RLA    tosumula0                 001AC0 RLA    
udiv16                    001BE4 RLA    zerobss                   001C34 RLA    



Exports list by value:
----------------------
__DESTRUCTOR_COUNT__      000000 REA    __LOADADDR__              000001 REA    
__CONSTRUCTOR_COUNT__     000001 REA    __EXEHDR__                000001 REA    
__STARTUP__               000001 REA    __BSS_SIZE__              000003 REA    
sp                        000022 RLZ    sreg                      000024 RLZ    
ptr1                      00002A RLZ    ptr2                      00002C RLZ    
ptr3                      00002E RLZ    ptr4                      000030 RLZ    
tmp1                      000032 RLZ    tmp2                      000033 RLZ    
__STACKSIZE__             000800 REA    __HEADER_LAST__           00080D RLA    
__MAIN_START__            00080D RLA    _initMapData              000915 RLA    
_renderMap                000CF3 RLA    _main                     001377 RLA    
tosaddax                  001681 RLA    addeq0sp                  001697 RLA    
addeqysp                  001699 RLA    addysp                    0016A9 RLA    
aslax2                    0016B6 RLA    shlax3                    0016C1 RLA    
aslax4                    0016CF RLA    shlax4                    0016CF RLA    
callmain                  0016E0 RLA    donelib                   0016F7 RLA    
decax8                    001703 RLA    decsp1                    00170A RLA    
decsp2                    001713 RLA    decsp5                    001720 RLA    
decsp6                    00172D RLA    tosdivax                  00173C RLA    
_free                     00174F RLA    incax2                    001922 RLA    
incaxy                    00192B RLA    incsp1                    001934 RLA    
popax                     00193B RLA    incsp2                    001942 RLA    
incsp3                    001950 RLA    incsp6                    001955 RLA    
incsp7                    00195A RLA    ldaxidx                   001961 RLA    
ldax0sp                   00196C RLA    ldaxysp                   00196E RLA    
boolne                    001975 RLA    _malloc                   0019A1 RLA    
tosmodax                  001AB1 RLA    tosumula0                 001AC0 RLA    
mulax7                    001AFA RLA    negax                     001B17 RLA    
popptr1                   001B25 RLA    pusha                     001B37 RLA    
pusha0                    001B4B RLA    pushax                    001B4D RLA    
pushwidx                  001B65 RLA    pushw0sp                  001B72 RLA    
pushwysp                  001B74 RLA    popsargsudiv16            001B8E RLA    
stax0sp                   001BAE RLA    staxysp                   001BB0 RLA    
staxspidx                 001BB9 RLA    udiv16                    001BE4 RLA    
_waitvsync                001C22 RLA    zerobss                   001C34 RLA    
__DESTRUCTOR_TABLE__      001C57 RLA    _redgraphics              001C77 RLA    
_greengraphics            002C77 RLA    _bluegraphics             003C77 RLA    
_yellowgraphics           004C77 RLA    _tilegraphics             005C77 RLA    
_customPalette            006077 RLA    __heapptr                 006179 RLA    
__heapend                 00617B RLA    __heapfirst               00617D RLA    
__heaplast                00617F RLA    __ONCE_RUN__              0061AC RLA    
initheap                  0061AC  LAI   __BSS_RUN__               0061AC RLA    
_m                        0061AD RLA    initlib                   0061BC RLA    
__CONSTRUCTOR_TABLE__     0061EB RLA    __MAIN_SIZE__             0096F3 REA    
__HIMEM__                 009F00 REA    CHROUT                    00FFD2 RLA    



Imports list:
-------------
CHROUT (kernal.o):
    crt0.o                    cx16/crt0.s(10)
__BSS_RUN__ ([linker generated]):
    _heap.o                   common/_heap.s(8)
    zerobss.o                 common/zerobss.s(8)
__BSS_SIZE__ ([linker generated]):
    _heap.o                   common/_heap.s(8)
    zerobss.o                 common/zerobss.s(8)
__CONSTRUCTOR_COUNT__ ([linker generated]):
    condes.o                  runtime/condes.s(18)
__CONSTRUCTOR_TABLE__ ([linker generated]):
    condes.o                  runtime/condes.s(18)
__DESTRUCTOR_COUNT__ ([linker generated]):
    condes.o                  runtime/condes.s(19)
__DESTRUCTOR_TABLE__ ([linker generated]):
    condes.o                  runtime/condes.s(19)
__EXEHDR__ (exehdr.o):
    [linker generated]        C:\Program Files (x86)\cc65\cfg/cx16.cfg(6)
__HEADER_LAST__ ([linker generated]):
    [linker generated]        C:\Program Files (x86)\cc65\cfg/cx16.cfg(14)
    [linker generated]        C:\Program Files (x86)\cc65\cfg/cx16.cfg(14)
__HIMEM__ ([linker generated]):
    [linker generated]        C:\Program Files (x86)\cc65\cfg/cx16.cfg(15)
    [linker generated]        C:\Program Files (x86)\cc65\cfg/cx16.cfg(14)
__LOADADDR__ (loadaddr.o):
    [linker generated]        C:\Program Files (x86)\cc65\cfg/cx16.cfg(5)
__MAIN_SIZE__ ([linker generated]):
    crt0.o                    cx16/crt0.s(11)
__MAIN_START__ ([linker generated]):
    crt0.o                    cx16/crt0.s(11)
__ONCE_RUN__ ([linker generated]):
    [linker generated]        C:\Program Files (x86)\cc65\cfg/cx16.cfg(15)
    [linker generated]        C:\Program Files (x86)\cc65\cfg/cx16.cfg(15)
__STACKSIZE__ ([linker generated]):
    _heap.o                   common/_heap.s(8)
    [linker generated]        C:\Program Files (x86)\cc65\cfg/cx16.cfg(15)
__STARTUP__ (crt0.o):
    main.o                    main.s(13)
__heapend (_heap.o):
    malloc.o                  /home/travis/build/cc65/cc65/asminc/_heap.inc(33)
__heapfirst (_heap.o):
    malloc.o                  /home/travis/build/cc65/cc65/asminc/_heap.inc(34)
    free.o                    /home/travis/build/cc65/cc65/asminc/_heap.inc(34)
__heaplast (_heap.o):
    malloc.o                  /home/travis/build/cc65/cc65/asminc/_heap.inc(35)
    free.o                    /home/travis/build/cc65/cc65/asminc/_heap.inc(35)
__heapptr (_heap.o):
    malloc.o                  /home/travis/build/cc65/cc65/asminc/_heap.inc(32)
    free.o                    /home/travis/build/cc65/cc65/asminc/_heap.inc(32)
_bluegraphics (unitgraphics.o):
    main.o                    main.s(26)
_customPalette (palette.o):
    main.o                    main.s(29)
_free (free.o):
    map.o                     map.s(14)
_greengraphics (unitgraphics.o):
    main.o                    main.s(25)
_initMapData (map.o):
    main.o                    main.s(19)
_m (main.o):
    map.o                     map.s(25)
_main (main.o):
    callmain.o                runtime/callmain.s(11)
_malloc (malloc.o):
    map.o                     map.s(13)
_redgraphics (unitgraphics.o):
    main.o                    main.s(24)
_renderMap (map.o):
    main.o                    main.s(20)
_tilegraphics (tilegraphics.o):
    main.o                    main.s(28)
_waitvsync (waitvsync.o):
    main.o                    main.s(14)
_yellowgraphics (unitgraphics.o):
    main.o                    main.s(27)
addeq0sp (addeqsp.o):
    main.o                    main.s(497)
addeqysp (addeqsp.o):
    map.o                     map.s(1464)
    map.o                     map.s(1464)
addysp (addysp.o):
    incsp7.o                  runtime/incsp7.s(8)
    incsp6.o                  runtime/incsp6.s(8)
    incsp3.o                  runtime/incsp3.s(8)
    map.o                     map.s(1464)
aslax2 (aslax2.o):
    map.o                     map.s(1464)
aslax4 (aslax4.o):
    map.o                     map.s(1464)
boolne (makebool.o):
    map.o                     map.s(1464)
callmain (callmain.o):
    crt0.o                    cx16/crt0.s(9)
decax8 (decax8.o):
    map.o                     map.s(1464)
decsp1 (decsp1.o):
    main.o                    main.s(497)
decsp2 (decsp2.o):
    main.o                    main.s(497)
decsp5 (decsp5.o):
    map.o                     map.s(1464)
decsp6 (decsp6.o):
    map.o                     map.s(1464)
donelib (condes.o):
    crt0.o                    cx16/crt0.s(8)
incax2 (incax2.o):
    map.o                     map.s(1464)
incaxy (incaxy.o):
    map.o                     map.s(1464)
    map.o                     map.s(1464)
incsp1 (incsp1.o):
    main.o                    main.s(497)
    main.o                    main.s(497)
incsp2 (incsp2.o):
    staxspi.o                 runtime/staxspi.s(9)
    popptr1.o                 runtime/popptr1.s(8)
    main.o                    main.s(497)
    map.o                     map.s(1464)
    map.o                     map.s(1464)
    map.o                     map.s(1464)
incsp3 (incsp3.o):
    map.o                     map.s(1464)
    map.o                     map.s(1464)
    map.o                     map.s(1464)
    map.o                     map.s(1464)
incsp6 (incsp6.o):
    map.o                     map.s(1464)
incsp7 (incsp7.o):
    map.o                     map.s(1464)
initlib (condes.o):
    crt0.o                    cx16/crt0.s(8)
ldax0sp (ldaxsp.o):
    main.o                    main.s(497)
    map.o                     map.s(1464)
    map.o                     map.s(1464)
    map.o                     map.s(1464)
ldaxidx (ldaxi.o):
    main.o                    main.s(497)
    map.o                     map.s(1464)
    map.o                     map.s(1464)
    map.o                     map.s(1464)
ldaxysp (ldaxsp.o):
    map.o                     map.s(1464)
    map.o                     map.s(1464)
    map.o                     map.s(1464)
    map.o                     map.s(1464)
    map.o                     map.s(1464)
    map.o                     map.s(1464)
    map.o                     map.s(1464)
    map.o                     map.s(1464)
    map.o                     map.s(1464)
mulax7 (mulax7.o):
    map.o                     map.s(1464)
    map.o                     map.s(1464)
    map.o                     map.s(1464)
    map.o                     map.s(1464)
negax (negabs.o):
    shelp.o                   runtime/shelp.s(11)
    mod.o                     runtime/mod.s(11)
    div.o                     runtime/div.s(11)
popax (incsp2.o):
    shelp.o                   runtime/shelp.s(11)
popptr1 (popptr1.o):
    udiv.o                    runtime/udiv.s(9)
    mul8.o                    runtime/mul8.s(9)
popsargsudiv16 (shelp.o):
    mod.o                     runtime/mod.s(11)
    div.o                     runtime/div.s(11)
ptr1 (zeropage.o):
    zerobss.o                 common/zerobss.s(9)
    udiv.o                    runtime/udiv.s(10)
    staxspi.o                 runtime/staxspi.s(10)
    shelp.o                   runtime/shelp.s(12)
    pushw.o                   runtime/pushw.s(9)
    popptr1.o                 runtime/popptr1.s(9)
    mulax7.o                  runtime/mulax7.s(10)
    mul8.o                    runtime/mul8.s(10)
    malloc.o                  common/malloc.s(108)
    ldaxi.o                   runtime/ldaxi.s(8)
    free.o                    common/free.s(62)
    div.o                     runtime/div.s(12)
    main.o                    main.s(11)
    map.o                     map.s(11)
ptr2 (zeropage.o):
    malloc.o                  common/malloc.s(108)
    free.o                    common/free.s(62)
ptr3 (zeropage.o):
    malloc.o                  common/malloc.s(108)
    free.o                    common/free.s(62)
ptr4 (zeropage.o):
    udiv.o                    runtime/udiv.s(10)
    shelp.o                   runtime/shelp.s(12)
    mul8.o                    runtime/mul8.s(10)
    free.o                    common/free.s(62)
pusha (pusha.o):
    main.o                    main.s(497)
    map.o                     map.s(1464)
    map.o                     map.s(1464)
    map.o                     map.s(1464)
    map.o                     map.s(1464)
    map.o                     map.s(1464)
    map.o                     map.s(1464)
pusha0 (pushax.o):
    map.o                     map.s(1464)
    map.o                     map.s(1464)
    map.o                     map.s(1464)
pushax (pushax.o):
    callmain.o                runtime/callmain.s(11)
    pushw.o                   runtime/pushw.s(8)
    main.o                    main.s(497)
    map.o                     map.s(1464)
    map.o                     map.s(1464)
    map.o                     map.s(1464)
    map.o                     map.s(1464)
    map.o                     map.s(1464)
    map.o                     map.s(1464)
pushw0sp (pushwsp.o):
    map.o                     map.s(1464)
pushwidx (pushw.o):
    map.o                     map.s(1464)
    map.o                     map.s(1464)
    map.o                     map.s(1464)
    map.o                     map.s(1464)
pushwysp (pushwsp.o):
    map.o                     map.s(1464)
    map.o                     map.s(1464)
shlax3 (aslax3.o):
    map.o                     map.s(1464)
shlax4 (aslax4.o):
    map.o                     map.s(1464)
sp (zeropage.o):
    _heap.o                   common/_heap.s(9)
    staxspi.o                 runtime/staxspi.s(10)
    staxsp.o                  runtime/staxsp.s(8)
    pushwsp.o                 runtime/pushwsp.s(8)
    pushax.o                  runtime/pushax.s(8)
    pusha.o                   runtime/pusha.s(8)
    popptr1.o                 runtime/popptr1.s(9)
    ldaxsp.o                  runtime/ldaxsp.s(8)
    incsp2.o                  runtime/incsp2.s(8)
    incsp1.o                  runtime/incsp1.s(8)
    decsp6.o                  runtime/decsp6.s(8)
    decsp5.o                  runtime/decsp5.s(8)
    decsp2.o                  runtime/decsp2.s(8)
    decsp1.o                  runtime/decsp1.s(8)
    crt0.o                    /home/travis/build/cc65/cc65/asminc/zeropage.inc(11)
    addysp.o                  runtime/addysp.s(8)
    addeqsp.o                 runtime/addeqsp.s(8)
    add.o                     runtime/add.s(12)
    main.o                    main.s(10)
    map.o                     map.s(10)
sreg (zeropage.o):
    udiv.o                    runtime/udiv.s(10)
    mod.o                     runtime/mod.s(12)
    main.o                    main.s(10)
    map.o                     map.s(10)
stax0sp (staxsp.o):
    main.o                    main.s(497)
    map.o                     map.s(1464)
    map.o                     map.s(1464)
staxspidx (staxspi.o):
    map.o                     map.s(1464)
    map.o                     map.s(1464)
    map.o                     map.s(1464)
staxysp (staxsp.o):
    map.o                     map.s(1464)
    map.o                     map.s(1464)
tmp1 (zeropage.o):
    staxspi.o                 runtime/staxspi.s(10)
    shelp.o                   runtime/shelp.s(12)
    mod.o                     runtime/mod.s(12)
    incaxy.o                  runtime/incaxy.s(8)
    div.o                     runtime/div.s(12)
    aslax4.o                  runtime/aslax4.s(8)
    aslax3.o                  runtime/aslax3.s(8)
    aslax2.o                  runtime/aslax2.s(8)
tmp2 (zeropage.o):
    shelp.o                   runtime/shelp.s(12)
    div.o                     runtime/div.s(12)
tosaddax (add.o):
    map.o                     map.s(1464)
    map.o                     map.s(1464)
    map.o                     map.s(1464)
    map.o                     map.s(1464)
tosdivax (div.o):
    map.o                     map.s(1464)
tosmodax (mod.o):
    map.o                     map.s(1464)
tosumula0 (mul8.o):
    map.o                     map.s(1464)
    map.o                     map.s(1464)
    map.o                     map.s(1464)
udiv16 (udiv.o):
    shelp.o                   runtime/shelp.s(11)
zerobss (zerobss.o):
    crt0.o                    cx16/crt0.s(9)

