Modules list:
-------------
map.o:
    CODE              Offs=000000  Size=0003B1  Align=00001  Fill=0000
main.o:
    CODE              Offs=0003B1  Size=00018D  Align=00001  Fill=0000
    BSS               Offs=000000  Size=000003  Align=00001  Fill=0000
tilegraphics.o:
    DATA              Offs=000000  Size=000001  Align=00001  Fill=0000
C:\Program Files (x86)\cc65\lib/cx16.lib(_heap.o):
    DATA              Offs=000001  Size=00000A  Align=00001  Fill=0000
    ONCE              Offs=000000  Size=000010  Align=00001  Fill=0000
C:\Program Files (x86)\cc65\lib/cx16.lib(add.o):
    CODE              Offs=00053E  Size=000018  Align=00001  Fill=0000
C:\Program Files (x86)\cc65\lib/cx16.lib(addeqsp.o):
    CODE              Offs=000556  Size=000011  Align=00001  Fill=0000
C:\Program Files (x86)\cc65\lib/cx16.lib(addysp.o):
    CODE              Offs=000567  Size=00000E  Align=00001  Fill=0000
C:\Program Files (x86)\cc65\lib/cx16.lib(aslax3.o):
    CODE              Offs=000575  Size=00000E  Align=00001  Fill=0000
C:\Program Files (x86)\cc65\lib/cx16.lib(aslax4.o):
    CODE              Offs=000583  Size=000011  Align=00001  Fill=0000
C:\Program Files (x86)\cc65\lib/cx16.lib(callmain.o):
    CODE              Offs=000594  Size=000017  Align=00001  Fill=0000
    DATA              Offs=00000B  Size=000004  Align=00001  Fill=0000
C:\Program Files (x86)\cc65\lib/cx16.lib(condes.o):
    CODE              Offs=0005AB  Size=00000C  Align=00001  Fill=0000
    DATA              Offs=00000F  Size=000025  Align=00001  Fill=0000
    ONCE              Offs=000010  Size=00000C  Align=00001  Fill=0000
C:\Program Files (x86)\cc65\lib/cx16.lib(crt0.o):
    STARTUP           Offs=000000  Size=000028  Align=00001  Fill=0000
    ONCE              Offs=00001C  Size=000023  Align=00001  Fill=0000
    INIT              Offs=000000  Size=000002  Align=00001  Fill=0000
C:\Program Files (x86)\cc65\lib/cx16.lib(decax8.o):
    CODE              Offs=0005B7  Size=000007  Align=00001  Fill=0000
C:\Program Files (x86)\cc65\lib/cx16.lib(decsp2.o):
    CODE              Offs=0005BE  Size=00000D  Align=00001  Fill=0000
C:\Program Files (x86)\cc65\lib/cx16.lib(decsp5.o):
    CODE              Offs=0005CB  Size=00000D  Align=00001  Fill=0000
C:\Program Files (x86)\cc65\lib/cx16.lib(div.o):
    CODE              Offs=0005D8  Size=000015  Align=00001  Fill=0000
C:\Program Files (x86)\cc65\lib/cx16.lib(exehdr.o):
    EXEHDR            Offs=000000  Size=00000C  Align=00001  Fill=0000
C:\Program Files (x86)\cc65\lib/cx16.lib(incaxy.o):
    CODE              Offs=0005ED  Size=00000B  Align=00001  Fill=0000
C:\Program Files (x86)\cc65\lib/cx16.lib(incsp2.o):
    CODE              Offs=0005F8  Size=000015  Align=00001  Fill=0000
C:\Program Files (x86)\cc65\lib/cx16.lib(incsp3.o):
    CODE              Offs=00060D  Size=000005  Align=00001  Fill=0000
C:\Program Files (x86)\cc65\lib/cx16.lib(incsp6.o):
    CODE              Offs=000612  Size=000005  Align=00001  Fill=0000
C:\Program Files (x86)\cc65\lib/cx16.lib(incsp7.o):
    CODE              Offs=000617  Size=000005  Align=00001  Fill=0000
C:\Program Files (x86)\cc65\lib/cx16.lib(kernal.o):
C:\Program Files (x86)\cc65\lib/cx16.lib(ldaxi.o):
    CODE              Offs=00061C  Size=00000D  Align=00001  Fill=0000
C:\Program Files (x86)\cc65\lib/cx16.lib(ldaxsp.o):
    CODE              Offs=000629  Size=000009  Align=00001  Fill=0000
C:\Program Files (x86)\cc65\lib/cx16.lib(loadaddr.o):
    LOADADDR          Offs=000000  Size=000002  Align=00001  Fill=0000
C:\Program Files (x86)\cc65\lib/cx16.lib(malloc.o):
    CODE              Offs=000632  Size=00010E  Align=00001  Fill=0000
C:\Program Files (x86)\cc65\lib/cx16.lib(mod.o):
    CODE              Offs=000740  Size=000011  Align=00001  Fill=0000
C:\Program Files (x86)\cc65\lib/cx16.lib(mul8.o):
    CODE              Offs=000751  Size=00003A  Align=00001  Fill=0000
C:\Program Files (x86)\cc65\lib/cx16.lib(mulax7.o):
    CODE              Offs=00078B  Size=000019  Align=00001  Fill=0000
C:\Program Files (x86)\cc65\lib/cx16.lib(negabs.o):
    CODE              Offs=0007A4  Size=000012  Align=00001  Fill=0000
C:\Program Files (x86)\cc65\lib/cx16.lib(popptr1.o):
    CODE              Offs=0007B6  Size=00000E  Align=00001  Fill=0000
C:\Program Files (x86)\cc65\lib/cx16.lib(pusha.o):
    CODE              Offs=0007C4  Size=000016  Align=00001  Fill=0000
C:\Program Files (x86)\cc65\lib/cx16.lib(pushax.o):
    CODE              Offs=0007DA  Size=00001A  Align=00001  Fill=0000
C:\Program Files (x86)\cc65\lib/cx16.lib(pushw.o):
    CODE              Offs=0007F4  Size=00000F  Align=00001  Fill=0000
C:\Program Files (x86)\cc65\lib/cx16.lib(pushwsp.o):
    CODE              Offs=000803  Size=00001C  Align=00001  Fill=0000
C:\Program Files (x86)\cc65\lib/cx16.lib(shelp.o):
    CODE              Offs=00081F  Size=000020  Align=00001  Fill=0000
C:\Program Files (x86)\cc65\lib/cx16.lib(staxsp.o):
    CODE              Offs=00083F  Size=00000B  Align=00001  Fill=0000
C:\Program Files (x86)\cc65\lib/cx16.lib(staxspi.o):
    CODE              Offs=00084A  Size=00001A  Align=00001  Fill=0000
C:\Program Files (x86)\cc65\lib/cx16.lib(udiv.o):
    CODE              Offs=000864  Size=00004F  Align=00001  Fill=0000
C:\Program Files (x86)\cc65\lib/cx16.lib(zerobss.o):
    CODE              Offs=0008B3  Size=000023  Align=00001  Fill=0000
C:\Program Files (x86)\cc65\lib/cx16.lib(zeropage.o):
    ZEROPAGE          Offs=000000  Size=00001A  Align=00001  Fill=0000


Segment list:
-------------
Name                   Start     End    Size  Align
----------------------------------------------------
ZEROPAGE              000022  00003B  00001A  00001
LOADADDR              0007FF  000800  000002  00001
EXEHDR                000801  00080C  00000C  00001
STARTUP               00080D  000834  000028  00001
CODE                  000835  00110A  0008D6  00001
DATA                  00110B  00113E  000034  00001
INIT                  00113F  001140  000002  00001
BSS                   001141  001143  000003  00001
ONCE                  001141  001181  000041  00001


Exports list by name:
---------------------
CHROUT                    00FFD2 RLA    __BSS_RUN__               001141 RLA    
__BSS_SIZE__              000003 REA    __CONSTRUCTOR_COUNT__     000001 REA    
__CONSTRUCTOR_TABLE__     001180 RLA    __DESTRUCTOR_COUNT__      000000 REA    
__DESTRUCTOR_TABLE__      00110B RLA    __EXEHDR__                000001 REA    
__HEADER_LAST__           00080D RLA    __HIMEM__                 009F00 REA    
__LOADADDR__              000001 REA    __MAIN_SIZE__             0096F3 REA    
__MAIN_START__            00080D RLA    __ONCE_RUN__              001141 RLA    
__STACKSIZE__             000800 REA    __STARTUP__               000001 REA    
__heapend                 001110 RLA    __heapfirst               001112 RLA    
__heaplast                001114 RLA    __heapptr                 00110E RLA    
_initMap                  000835 RLA    _m                        001142 RLA    
_main                     000BE6 RLA    _malloc                   000E67 RLA    
_renderMap                0009D0 RLA    _tilegraphics             00110B RLA    
addeq0sp                  000D8B RLA    addeqysp                  000D8D RLA    
addysp                    000D9D RLA    callmain                  000DC9 RLA    
decax8                    000DEC RLA    decsp2                    000DF3 RLA    
decsp5                    000E00 RLA    donelib                   000DE0 RLA    
incaxy                    000E24 RLA    incsp2                    000E34 RLA    
incsp3                    000E42 RLA    incsp6                    000E47 RLA    
incsp7                    000E4C RLA    initheap                  001141  LAI   
initlib                   001151 RLA    ldax0sp                   000E5E RLA    
ldaxidx                   000E53 RLA    ldaxysp                   000E60 RLA    
mulax7                    000FC0 RLA    negax                     000FDD RLA    
popax                     000E2D RLA    popptr1                   000FEB RLA    
popsargsudiv16            001054 RLA    ptr1                      00002A RLZ    
ptr2                      00002C RLZ    ptr3                      00002E RLZ    
ptr4                      000030 RLZ    pusha                     000FFD RLA    
pusha0                    001011 RLA    pushax                    001013 RLA    
pushw0sp                  001038 RLA    pushwidx                  00102B RLA    
shlax3                    000DAA RLA    shlax4                    000DB8 RLA    
sp                        000022 RLZ    sreg                      000024 RLZ    
stax0sp                   001074 RLA    staxspidx                 00107F RLA    
staxysp                   001076 RLA    tmp1                      000032 RLZ    
tmp2                      000033 RLZ    tosaddax                  000D75 RLA    
tosdivax                  000E0F RLA    tosmodax                  000F77 RLA    
tosumula0                 000F86 RLA    udiv16                    0010AA RLA    
zerobss                   0010E8 RLA    


Exports list by value:
----------------------
__DESTRUCTOR_COUNT__      000000 REA    __EXEHDR__                000001 REA    
__CONSTRUCTOR_COUNT__     000001 REA    __LOADADDR__              000001 REA    
__STARTUP__               000001 REA    __BSS_SIZE__              000003 REA    
sp                        000022 RLZ    sreg                      000024 RLZ    
ptr1                      00002A RLZ    ptr2                      00002C RLZ    
ptr3                      00002E RLZ    ptr4                      000030 RLZ    
tmp1                      000032 RLZ    tmp2                      000033 RLZ    
__STACKSIZE__             000800 REA    __HEADER_LAST__           00080D RLA    
__MAIN_START__            00080D RLA    _initMap                  000835 RLA    
_renderMap                0009D0 RLA    _main                     000BE6 RLA    
tosaddax                  000D75 RLA    addeq0sp                  000D8B RLA    
addeqysp                  000D8D RLA    addysp                    000D9D RLA    
shlax3                    000DAA RLA    shlax4                    000DB8 RLA    
callmain                  000DC9 RLA    donelib                   000DE0 RLA    
decax8                    000DEC RLA    decsp2                    000DF3 RLA    
decsp5                    000E00 RLA    tosdivax                  000E0F RLA    
incaxy                    000E24 RLA    popax                     000E2D RLA    
incsp2                    000E34 RLA    incsp3                    000E42 RLA    
incsp6                    000E47 RLA    incsp7                    000E4C RLA    
ldaxidx                   000E53 RLA    ldax0sp                   000E5E RLA    
ldaxysp                   000E60 RLA    _malloc                   000E67 RLA    
tosmodax                  000F77 RLA    tosumula0                 000F86 RLA    
mulax7                    000FC0 RLA    negax                     000FDD RLA    
popptr1                   000FEB RLA    pusha                     000FFD RLA    
pusha0                    001011 RLA    pushax                    001013 RLA    
pushwidx                  00102B RLA    pushw0sp                  001038 RLA    
popsargsudiv16            001054 RLA    stax0sp                   001074 RLA    
staxysp                   001076 RLA    staxspidx                 00107F RLA    
udiv16                    0010AA RLA    zerobss                   0010E8 RLA    
__DESTRUCTOR_TABLE__      00110B RLA    _tilegraphics             00110B RLA    
__heapptr                 00110E RLA    __heapend                 001110 RLA    
__heapfirst               001112 RLA    __heaplast                001114 RLA    
initheap                  001141  LAI   __ONCE_RUN__              001141 RLA    
__BSS_RUN__               001141 RLA    _m                        001142 RLA    
initlib                   001151 RLA    __CONSTRUCTOR_TABLE__     001180 RLA    
__MAIN_SIZE__             0096F3 REA    __HIMEM__                 009F00 REA    
CHROUT                    00FFD2 RLA    


Imports list:
-------------
CHROUT (kernal.o):
    crt0.o                    cx16/crt0.s(10)
__BSS_RUN__ ([linker generated]):
    _heap.o                   common/_heap.s(8)
    zerobss.o                 common/zerobss.s(8)
__BSS_SIZE__ ([linker generated]):
    _heap.o                   common/_heap.s(8)
    zerobss.o                 common/zerobss.s(8)
__CONSTRUCTOR_COUNT__ ([linker generated]):
    condes.o                  runtime/condes.s(18)
__CONSTRUCTOR_TABLE__ ([linker generated]):
    condes.o                  runtime/condes.s(18)
__DESTRUCTOR_COUNT__ ([linker generated]):
    condes.o                  runtime/condes.s(19)
__DESTRUCTOR_TABLE__ ([linker generated]):
    condes.o                  runtime/condes.s(19)
__EXEHDR__ (exehdr.o):
    [linker generated]        C:\Program Files (x86)\cc65\cfg/cx16.cfg(6)
__HEADER_LAST__ ([linker generated]):
    [linker generated]        C:\Program Files (x86)\cc65\cfg/cx16.cfg(14)
    [linker generated]        C:\Program Files (x86)\cc65\cfg/cx16.cfg(14)
__HIMEM__ ([linker generated]):
    [linker generated]        C:\Program Files (x86)\cc65\cfg/cx16.cfg(15)
    [linker generated]        C:\Program Files (x86)\cc65\cfg/cx16.cfg(14)
__LOADADDR__ (loadaddr.o):
    [linker generated]        C:\Program Files (x86)\cc65\cfg/cx16.cfg(5)
__MAIN_SIZE__ ([linker generated]):
    crt0.o                    cx16/crt0.s(11)
__MAIN_START__ ([linker generated]):
    crt0.o                    cx16/crt0.s(11)
__ONCE_RUN__ ([linker generated]):
    [linker generated]        C:\Program Files (x86)\cc65\cfg/cx16.cfg(15)
    [linker generated]        C:\Program Files (x86)\cc65\cfg/cx16.cfg(15)
__STACKSIZE__ ([linker generated]):
    _heap.o                   common/_heap.s(8)
    [linker generated]        C:\Program Files (x86)\cc65\cfg/cx16.cfg(15)
__STARTUP__ (crt0.o):
    main.o                    main.s(13)
__heapend (_heap.o):
    malloc.o                  /home/travis/build/cc65/cc65/asminc/_heap.inc(33)
__heapfirst (_heap.o):
    malloc.o                  /home/travis/build/cc65/cc65/asminc/_heap.inc(34)
__heaplast (_heap.o):
    malloc.o                  /home/travis/build/cc65/cc65/asminc/_heap.inc(35)
__heapptr (_heap.o):
    malloc.o                  /home/travis/build/cc65/cc65/asminc/_heap.inc(32)
_initMap (map.o):
    main.o                    main.s(18)
_m (main.o):
    map.o                     map.s(17)
_main (main.o):
    callmain.o                runtime/callmain.s(11)
_malloc (malloc.o):
    map.o                     map.s(13)
_renderMap (map.o):
    main.o                    main.s(19)
_tilegraphics (tilegraphics.o):
    main.o                    main.s(20)
addeq0sp (addeqsp.o):
    main.o                    main.s(256)
addeqysp (addeqsp.o):
    map.o                     map.s(547)
addysp (addysp.o):
    incsp7.o                  runtime/incsp7.s(8)
    incsp6.o                  runtime/incsp6.s(8)
    incsp3.o                  runtime/incsp3.s(8)
callmain (callmain.o):
    crt0.o                    cx16/crt0.s(9)
decax8 (decax8.o):
    map.o                     map.s(547)
decsp2 (decsp2.o):
    main.o                    main.s(256)
decsp5 (decsp5.o):
    map.o                     map.s(547)
donelib (condes.o):
    crt0.o                    cx16/crt0.s(8)
incaxy (incaxy.o):
    map.o                     map.s(547)
incsp2 (incsp2.o):
    staxspi.o                 runtime/staxspi.s(9)
    popptr1.o                 runtime/popptr1.s(8)
    main.o                    main.s(256)
    map.o                     map.s(547)
    map.o                     map.s(547)
    map.o                     map.s(547)
incsp3 (incsp3.o):
    map.o                     map.s(547)
    map.o                     map.s(547)
    map.o                     map.s(547)
incsp6 (incsp6.o):
    map.o                     map.s(547)
incsp7 (incsp7.o):
    map.o                     map.s(547)
initlib (condes.o):
    crt0.o                    cx16/crt0.s(8)
ldax0sp (ldaxsp.o):
    main.o                    main.s(256)
    map.o                     map.s(547)
    map.o                     map.s(547)
    map.o                     map.s(547)
ldaxidx (ldaxi.o):
    main.o                    main.s(256)
    map.o                     map.s(547)
ldaxysp (ldaxsp.o):
    map.o                     map.s(547)
    map.o                     map.s(547)
    map.o                     map.s(547)
    map.o                     map.s(547)
    map.o                     map.s(547)
    map.o                     map.s(547)
mulax7 (mulax7.o):
    map.o                     map.s(547)
    map.o                     map.s(547)
negax (negabs.o):
    shelp.o                   runtime/shelp.s(11)
    mod.o                     runtime/mod.s(11)
    div.o                     runtime/div.s(11)
popax (incsp2.o):
    shelp.o                   runtime/shelp.s(11)
popptr1 (popptr1.o):
    udiv.o                    runtime/udiv.s(9)
    mul8.o                    runtime/mul8.s(9)
popsargsudiv16 (shelp.o):
    mod.o                     runtime/mod.s(11)
    div.o                     runtime/div.s(11)
ptr1 (zeropage.o):
    zerobss.o                 common/zerobss.s(9)
    udiv.o                    runtime/udiv.s(10)
    staxspi.o                 runtime/staxspi.s(10)
    shelp.o                   runtime/shelp.s(12)
    pushw.o                   runtime/pushw.s(9)
    popptr1.o                 runtime/popptr1.s(9)
    mulax7.o                  runtime/mulax7.s(10)
    mul8.o                    runtime/mul8.s(10)
    malloc.o                  common/malloc.s(108)
    ldaxi.o                   runtime/ldaxi.s(8)
    div.o                     runtime/div.s(12)
    main.o                    main.s(11)
    map.o                     map.s(11)
ptr2 (zeropage.o):
    malloc.o                  common/malloc.s(108)
    map.o                     map.s(11)
ptr3 (zeropage.o):
    malloc.o                  common/malloc.s(108)
ptr4 (zeropage.o):
    udiv.o                    runtime/udiv.s(10)
    shelp.o                   runtime/shelp.s(12)
    mul8.o                    runtime/mul8.s(10)
pusha (pusha.o):
    map.o                     map.s(547)
    map.o                     map.s(547)
    map.o                     map.s(547)
    map.o                     map.s(547)
pusha0 (pushax.o):
    map.o                     map.s(547)
    map.o                     map.s(547)
pushax (pushax.o):
    callmain.o                runtime/callmain.s(11)
    pushw.o                   runtime/pushw.s(8)
    map.o                     map.s(547)
    map.o                     map.s(547)
    map.o                     map.s(547)
    map.o                     map.s(547)
    map.o                     map.s(547)
pushw0sp (pushwsp.o):
    map.o                     map.s(547)
pushwidx (pushw.o):
    map.o                     map.s(547)
shlax3 (aslax3.o):
    map.o                     map.s(547)
shlax4 (aslax4.o):
    map.o                     map.s(547)
sp (zeropage.o):
    addysp.o                  runtime/addysp.s(8)
    _heap.o                   common/_heap.s(9)
    staxspi.o                 runtime/staxspi.s(10)
    staxsp.o                  runtime/staxsp.s(8)
    pushwsp.o                 runtime/pushwsp.s(8)
    pushax.o                  runtime/pushax.s(8)
    pusha.o                   runtime/pusha.s(8)
    popptr1.o                 runtime/popptr1.s(9)
    ldaxsp.o                  runtime/ldaxsp.s(8)
    incsp2.o                  runtime/incsp2.s(8)
    decsp5.o                  runtime/decsp5.s(8)
    decsp2.o                  runtime/decsp2.s(8)
    crt0.o                    /home/travis/build/cc65/cc65/asminc/zeropage.inc(11)
    addeqsp.o                 runtime/addeqsp.s(8)
    add.o                     runtime/add.s(12)
    main.o                    main.s(10)
    map.o                     map.s(10)
sreg (zeropage.o):
    udiv.o                    runtime/udiv.s(10)
    mod.o                     runtime/mod.s(12)
    main.o                    main.s(10)
    map.o                     map.s(10)
stax0sp (staxsp.o):
    main.o                    main.s(256)
    map.o                     map.s(547)
staxspidx (staxspi.o):
    map.o                     map.s(547)
staxysp (staxsp.o):
    map.o                     map.s(547)
tmp1 (zeropage.o):
    staxspi.o                 runtime/staxspi.s(10)
    shelp.o                   runtime/shelp.s(12)
    mod.o                     runtime/mod.s(12)
    incaxy.o                  runtime/incaxy.s(8)
    div.o                     runtime/div.s(12)
    aslax4.o                  runtime/aslax4.s(8)
    aslax3.o                  runtime/aslax3.s(8)
tmp2 (zeropage.o):
    shelp.o                   runtime/shelp.s(12)
    div.o                     runtime/div.s(12)
tosaddax (add.o):
    map.o                     map.s(547)
tosdivax (div.o):
    map.o                     map.s(547)
tosmodax (mod.o):
    map.o                     map.s(547)
tosumula0 (mul8.o):
    map.o                     map.s(547)
    map.o                     map.s(547)
udiv16 (udiv.o):
    shelp.o                   runtime/shelp.s(11)
zerobss (zerobss.o):
    crt0.o                    cx16/crt0.s(9)

